station_code,station_number,latitude,longitude,elevation_m,matched
A.ASMS,5572,40.885667,140.874000,-3,True
A.CHOG,5550,41.327167,140.815333,0,True
A.HGTZ,5571,40.982833,140.904000,-11,True
A.HRDA,5549,41.448833,140.881000,2,True
A.IIZM,5576,40.837333,140.495833,24,True
A.KKNI,5582,41.724833,140.544333,-13,True
A.KRUC,5565,40.846167,141.352833,5,True
A.KSWN,5584,41.790667,141.150667,27,True
A.MYGA,5504,38.524000,141.471000,13,True
A.MYGB,5505,38.375167,141.463333,-83,True
A.MYGC,5506,38.413833,141.169333,-87,True
A.NZWA,5574,40.705500,140.762500,152,True
A.SGMR,5559,41.293667,141.397333,9,True
A.SMFR,5555,41.460000,141.107500,34,True
A.SRNK,5561,41.170833,141.373500,17,True
A.STBS,5577,40.943667,140.626000,13,True
A.STDJ,5569,40.848667,140.985000,132,True
A.TNAB,5556,41.314500,141.158667,98,True
A.TRDT,5580,41.141500,140.629667,9,True
A.TSRN,5583,41.773667,140.891500,82,True
A.WKNS,5552,41.145167,140.774833,-5,True
A.YNKW,5554,41.316833,140.963667,87,True
AKKESH,522,42.998667,144.692500,20,True
AOHIGA,5802,41.265333,141.337333,50,True
ASHORO,518,43.299333,143.765667,210,True
ATSUMA,5799,42.622667,141.920500,12,True
AWASHI,550,38.459000,139.245333,70,True
BIRAT2,667,42.780833,142.359833,170,True
CHURUI,519,42.616833,143.358500,120,True
E.SOB1,1141,39.166667,143.239167,-2480,True
E.SOB2,1142,39.203000,142.984333,-1840,True
E.SOB3,1143,39.245167,142.498000,-1057,True
EDANAR,5805,40.205667,141.709833,74,True
ENIWA,509,42.842667,141.446167,185,True
ERIMO,517,42.018500,143.153500,40,True
FOSAKI,5808,38.602167,140.911167,29,True
FURANO,507,43.166000,142.589667,360,True
HAMNAK,5796,43.082833,145.160833,48,True
HINAI,532,40.191333,140.632333,140,True
HOKURY,504,43.745333,141.721000,195,True
HR.IWS,1134,40.478667,139.956833,110,True
HR.MMA,1109,41.161167,140.410000,90,True
HR.TMR,1125,41.100833,141.383833,130,True
HU.AKK,1027,43.019167,144.839667,80,True
HU.ERM,1041,42.017667,143.153333,40,True
HU.ESH,1015,41.886667,141.007500,40,True
HU.HAM,1011,43.615500,141.379333,76,True
HU.HIC,1010,42.892833,142.454833,210,True
HU.HSS,1012,42.967167,141.228833,215,True
HU.HTU,1044,43.207500,145.324833,75,True
HU.IMG,1033,42.392667,140.140333,80,True
HU.IWN,1028,42.673000,143.042333,35,True
HU.KKJ,1035,41.780000,140.172333,30,True
HU.KMU,1029,42.241333,142.963500,185,True
HU.KNP,1025,43.762667,143.708167,180,True
HU.KUT,1057,43.540667,144.338500,198,True
HU.MED,1045,43.144833,141.258667,-495,True
HU.MUD,1064,42.377833,142.698667,180,True
HU.MUJ,1009,42.285500,142.582000,35,True
HU.MYR,1008,42.294667,143.283500,80,True
HU.NTK,1051,42.309833,143.035500,550,True
HU.OON,1038,41.921667,140.588833,150,True
HU.RUS,1006,44.106667,145.243667,70,True
HU.SKB,1013,43.240833,143.032833,460,True
HU.SRK,1018,41.413000,140.174000,50,True
HU.STZ,1047,42.970667,141.461000,-383,True
HU.TES,1037,43.485667,144.398833,220,True
HU.TKD,1052,43.238833,142.930833,438,True
HU.TKO,1073,42.784333,141.940333,65,True
HU.TMO,1072,42.763333,141.775333,21,True
HU.URH,1007,42.928667,143.670000,100,True
HU2NUK,1068,43.366167,143.193333,532,True
ICHINM,539,38.954667,141.216333,70,True
IWASAK,531,40.595500,140.003500,330,True
KAMIAS,505,44.118833,142.593000,220,True
KAMIK2,676,43.875167,142.744167,350,True
KAWAUC,546,37.369500,140.871167,520,True
KAYABE,514,41.890167,141.028833,10,True
KOBUCH,5809,38.310667,141.465500,58,True
KUZUMA,535,39.987333,141.326333,620,True
LG.IKM,1157,41.483333,140.983333,35,True
LG.NKD,1158,40.394833,141.292333,92,True
LG.OAT,1156,40.629667,140.799000,805,True
LG.SBG,1154,40.641000,141.272667,-230,True
LG.UTB,1155,40.442500,140.950833,340,True
M.KOB1,1053,41.687000,144.394500,-2329,True
M.KOB2,1054,41.940833,145.056167,-3428,True
M.KOB3,1055,42.252833,144.810667,-2124,True
MARUMO,545,37.869000,140.789667,100,True
MARUSE,508,44.009333,143.355833,460,True
MIYKNA,5730,39.576667,141.819667,200,True
MOTOYO,5807,38.810833,141.473833,67,True
N.201S,6573,37.842833,141.384500,-102,True
N.203S,6575,37.707333,141.965000,-462,True
N.204S,6576,37.673833,142.297500,-786,True
N.205S,6577,37.601667,142.623667,-1781,True
N.206S,6578,37.525833,142.935000,-2945,True
N.207S,6579,37.429000,143.226667,-4767,True
N.301S,6599,39.449667,142.457833,-940,True
N.302S,6600,39.374667,142.791833,-1622,True
N.303S,6601,39.323167,143.120667,-1890,True
N.304S,6602,39.295833,143.454333,-2490,True
N.305S,6603,39.190667,143.749833,-4308,True
N.306S,6604,39.045833,143.930500,-5440,True
N.307S,6605,38.830833,143.784667,-5231,True
N.308S,6606,38.782667,143.476833,-2465,True
N.309S,6607,38.773833,143.143667,-1779,True
N.310S,6608,38.866833,142.821167,-1310,True
N.311S,6609,38.934833,142.487333,-1168,True
N.312S,6610,38.841167,142.181667,-558,True
N.313S,6611,38.590167,142.181667,-573,True
N.314S,6612,38.499333,142.500167,-1092,True
N.315S,6613,38.448667,142.837667,-1472,True
N.316S,6614,38.426167,143.170333,-2420,True
N.317S,6615,38.397833,143.513833,-3020,True
N.318S,6616,38.306333,143.781000,-5528,True
N.319S,6617,38.059333,143.744167,-5591,True
N.320S,6618,37.931167,143.567500,-5225,True
N.321S,6619,37.971333,143.245333,-2779,True
N.322S,6620,37.983833,142.907167,-1645,True
N.323S,6621,38.027000,142.573500,-1220,True
N.324S,6622,38.056833,142.234000,-849,True
N.325S,6623,38.097167,141.895667,-230,True
N.326S,6624,38.106000,141.557167,-128,True
N.401S,6625,40.788167,141.789500,-139,True
N.402S,6626,40.906833,142.105667,-858,True
N.403S,6627,41.015667,142.431333,-1425,True
N.404S,6628,41.076167,142.770667,-1798,True
N.405S,6629,41.044333,143.113833,-1940,True
N.406S,6630,40.971833,143.448167,-1970,True
N.407S,6631,40.882000,143.774667,-2613,True
N.408S,6632,40.780500,144.090500,-5060,True
N.409S,6633,40.552167,144.133167,-5095,True
N.410S,6634,40.432667,143.888667,-3897,True
N.411S,6635,40.435333,143.543000,-2273,True
N.412S,6636,40.451500,143.201500,-1711,True
N.413S,6637,40.519667,142.961667,-1537,True
N.414S,6638,40.592667,142.634000,-1393,True
N.415S,6639,40.593333,142.284333,-816,True
N.416S,6640,40.329500,142.267333,-559,True
N.417S,6641,40.116500,142.392667,-681,True
N.418S,6642,40.108833,142.622167,-969,True
N.419S,6643,40.090333,142.969500,-1256,True
N.420S,6644,40.074333,143.321000,-1329,True
N.421S,6645,40.086333,143.657167,-2456,True
N.422S,6646,40.026000,143.954667,-4107,True
N.423S,6647,39.771833,143.925833,-4358,True
N.424S,6648,39.638833,143.715333,-2936,True
N.425S,6649,39.697667,143.374833,-2228,True
N.426S,6650,39.724500,143.038333,-1569,True
N.427S,6651,39.744500,142.690333,-914,True
N.428S,6652,39.738500,142.340833,-569,True
N.501S,6653,42.768833,145.711500,-2052,True
N.502S,6654,42.640333,145.406333,-2042,True
N.503S,6655,42.480167,145.143333,-1985,True
N.504S,6656,42.228667,145.204000,-3149,True
N.505S,6657,42.061500,145.437000,-3813,True
N.506S,6658,41.884000,145.654333,-5619,True
N.507S,6659,41.663667,145.529167,-5953,True
N.508S,6660,41.530167,145.248333,-5980,True
N.509S,6661,41.521000,144.905000,-5100,True
N.510S,6662,41.654167,144.671667,-4103,True
N.511S,6663,41.907167,144.695500,-2093,True
N.512S,6664,42.078333,144.637500,-1772,True
N.513S,6665,41.979167,144.344500,-1607,True
N.514S,6666,41.747500,144.177833,-1592,True
N.515S,6667,41.496167,144.087833,-1950,True
N.516S,6668,41.374167,143.800667,-2380,True
N.517S,6669,41.364333,143.453000,-2023,True
N.518S,6670,41.435167,143.126333,-1509,True
N.519S,6671,41.560667,142.817667,-986,True
N.520S,6672,41.609500,142.478667,-1165,True
N.521S,6673,41.424833,142.219333,-1189,True
N.522S,6674,41.198833,142.027167,-1029,True
N.523S,6675,40.954000,141.876167,-529,True
N.604S,6679,41.665333,146.174667,-6950,True
N.605S,6680,41.371667,145.605333,-6680,True
N.606S,6681,40.899833,145.392833,-6012,True
N.607S,6682,40.536000,144.938167,-6160,True
N.608S,6683,40.031833,144.808833,-5900,True
N.609S,6684,39.517167,144.719167,-6054,True
N.610S,6685,39.007167,144.591500,-6160,True
N.611S,6686,38.499000,144.453667,-6118,True
N.612S,6687,37.987833,144.335667,-6111,True
N.613S,6688,37.486167,144.175667,-6174,True
N.AGWH,1596,43.084167,140.819833,-77,True
N.AJSH,2083,40.761833,140.312167,-112,True
N.AMAH,1573,42.648667,141.864167,-145,True
N.ANIH,2068,39.981833,140.407167,44,True
N.ANNH,1554,43.436167,144.084333,323,True
N.ANSH,1550,43.114167,144.122833,-76,True
N.ASBH,1611,41.985833,140.308333,-18,True
N.ASRH,2026,40.139167,140.952833,207,True
N.ATKH,2105,37.731667,139.882167,229,True
N.AYEH,1526,43.382167,143.898333,224,True
N.AYWH,1528,43.270833,143.431667,-2,True
N.BEEH,1577,43.503833,142.600667,242,True
N.BKWH,1549,43.390000,144.802167,-129,True
N.BREH,1563,42.706167,142.405333,120,True
N.BRWH,1565,42.703167,142.229667,-18,True
N.CCNH,1598,42.950167,140.822500,138,True
N.CHKH,2055,39.071833,140.318500,74,True
N.CTSH,1572,42.888000,141.639833,-244,True
N.FBRH,1594,43.234167,140.622833,-73,True
N.FGTH,2045,38.710667,140.374333,-99,True
N.FRNH,1500,43.369667,142.340833,94,True
N.FSTH,2056,40.318833,140.234167,-76,True
N.FSWH,2006,38.865333,141.351167,18,True
N.HBTH,1524,43.121333,143.618667,-36,True
N.HHEH,2072,40.579333,141.445167,-142,True
N.HMNH,2009,39.455833,141.000167,119,True
N.HMSH,2023,39.343333,141.047333,-52,True
N.HNKH,1589,43.208333,145.116833,-226,True
N.HNRH,2063,39.174000,140.712833,178,True
N.HOBH,1575,42.871333,142.128500,71,True
N.ICEH,2004,38.969000,141.001333,16,True
N.IHEH,2017,40.081167,141.191500,328,True
N.IW2H,2115,39.009500,140.864000,115,True
N.IWNH,2028,38.113333,140.844167,-91,True
N.IWZH,2018,39.802000,141.652000,209,True
N.KAIH,1607,41.837333,140.633167,-352,True
N.KAKH,2110,38.515833,141.342167,-202,True
N.KANH,2020,39.644167,141.597667,201,True
N.KASH,2021,39.463000,141.677500,451,True
N.KGSH,2001,39.197833,141.011833,48,True
N.KHEH,2016,40.153333,141.424500,264,True
N.KHYH,1609,42.485167,139.967833,53,True
N.KI2H,2823,36.880833,140.654500,293,True
N.KJNH,2014,40.268667,141.783167,74,True
N.KJSH,2008,40.086167,141.712000,139,True
N.KKWH,2034,38.920667,141.637667,-38,True
N.KMBH,1602,42.768000,140.976667,184,True
N.KMIH,2003,39.274167,141.823333,-61,True
N.KMNH,1603,42.610500,140.484167,38,True
N.KMYH,2047,38.081333,140.297833,214,True
N.KOSH,2069,40.456333,140.839500,299,True
N.KRIH,2085,40.609167,140.664667,-5,True
N.KRMH,2015,40.270500,141.570833,138,True
N.KSKF,2454,38.258500,140.583333,319,True
N.KSRF,1959,42.982000,144.485167,18,True
N.KUCH,2077,41.234000,140.989667,-82,True
N.KUMH,1610,42.134333,140.004000,-32,True
N.KWAH,2052,39.688333,140.407500,64,True
N.KWSH,2036,38.180167,140.640500,43,True
N.KYMH,1566,43.058667,141.806333,-94,True
N.KYOH,1599,42.975833,140.622000,-181,True
N.KZMH,2027,39.939833,141.549167,469,True
N.KZNH,2070,40.062167,140.808333,210,True
N.MBEH,1564,42.593333,142.352167,54,True
N.MBWH,1576,42.512667,142.038167,-212,True
N.MGMH,2046,38.713167,140.554667,145,True
N.MKRH,1601,42.763000,140.808333,127,True
N.MMRH,1525,42.892000,143.060333,-131,True
N.MRRH,1597,42.411667,141.001667,-164,True
N.MSAH,1560,43.230000,141.897833,-126,True
N.MSRH,2116,38.699333,141.417667,-12,True
N.NCPH,1569,42.597667,142.544667,203,True
N.NHEH,2011,40.238333,141.342333,28,True
N.NHJH,2074,40.856333,141.103333,-269,True
N.NHWH,2012,40.261167,141.170833,124,True
N.NRKH,2031,38.858667,140.651333,141,True
N.NSEH,2058,39.557500,140.611667,-83,True
N.NSNH,2060,39.814667,140.579000,217,True
N.NSSH,2061,39.663333,140.572167,-6,True
N.NWAH,2080,40.449167,141.337333,-51,True
N.NYAH,2088,40.548833,140.272667,56,True
N.OGCH,2065,38.980167,140.495167,183,True
N.OHTH,1605,42.647667,141.064333,148,True
N.OIWH,1574,42.873833,141.819167,-42,True
N.OKEH,1537,43.635167,143.510000,190,True
N.OMRH,2062,39.354833,140.386833,-36,True
N.OOMH,2078,41.527333,140.912667,-92,True
N.OWNH,2087,40.484167,140.556500,28,True
N.RIFH,2117,38.340000,140.955167,-1004,True
N.RKBH,1527,43.468333,143.683000,128,True
N.RKSH,2075,40.966333,141.373833,-97,True
N.RNKH,1600,42.830833,140.483167,-93,True
N.RZTH,2007,39.030667,141.532000,-22,True
N.SAIH,2076,41.404833,140.856667,-172,True
N.SAMH,1593,42.133000,142.916333,-63,True
N.SCNH,1556,43.384833,144.627833,-25,True
N.SCSH,1555,43.213833,144.680333,-213,True
N.SHGH,2082,40.462333,141.092333,163,True
N.SHZH,1590,42.874167,142.883000,318,True
N.SKSH,1530,43.173833,142.917667,47,True
N.SKWH,2559,38.131167,139.542667,-24,True
N.SMPH,1506,43.040667,142.656167,467,True
N.SMTH,2002,39.180833,141.390833,513,True
N.SNNH,1557,43.160333,143.893667,73,True
N.SNSH,1546,42.985667,143.984167,-74,True
N.SOIH,1571,42.562833,141.349667,-159,True
N.SRUH,1608,41.597667,140.420667,-147,True
N.STSH,1559,43.677167,144.961833,61,True
N.SZKH,2024,39.643667,140.946500,60,True
N.SZNH,1570,42.349833,142.357167,-107,True
N.TAJH,2032,38.590667,141.071000,-81,True
N.TKIH,1529,42.486500,143.152000,259,True
N.TMRF,2457,41.101667,141.383167,120,True
N.TMYH,2025,39.825000,141.382667,571,True
N.TOBH,1562,43.408667,141.583667,-121,True
N.TOUH,2010,39.334000,141.301500,159,True
N.TOWH,2030,38.786000,141.325333,-66,True
N.TREH,1552,43.220000,144.428500,-208,True
N.TROH,2019,39.743500,141.908667,98,True
N.TRSH,1551,43.135833,144.327500,-188,True
N.TRWH,1553,43.255667,144.233833,-217,True
N.TSRH,2067,40.275500,140.459667,-58,True
N.TTKH,2079,40.296167,141.014500,133,True
N.TURH,1604,42.641500,140.665000,110,True
N.TWEH,2073,40.584667,141.154667,-17,True
N.TWWH,2081,40.580000,140.995000,138,True
N.TYRH,1523,42.811333,143.520333,-92,True
N.TYSF,2450,39.377167,141.593167,346,True
N.TZWH,2044,38.749833,140.178000,-137,True
N.WSMH,1588,43.975333,142.283333,89,True
N.YHBH,2013,39.614833,141.092833,71,True
N.YJMH,2054,39.222333,140.128333,41,True
N.YMDH,2022,39.473333,141.933667,-88,True
N.YUBH,1568,42.993000,142.008500,-6,True
N.YUZH,2064,39.191167,140.471000,-107,True
NAKASH,521,43.587833,144.715000,220,True
NANGO,653,40.376167,141.511667,270,True
NOBORI,515,42.471167,141.034667,110,True
NOBUKA,702,42.282500,142.748833,115,True
OFUNAI,538,39.083000,141.665500,180,True
OHASAM,537,39.475833,141.288833,210,True
OHATA,528,41.384667,141.044667,80,True
OKURA,543,38.368500,140.660500,390,True
OKUSHM,698,42.085167,139.471667,79,True
OMATSU,5844,41.524833,140.006833,27,True
ONBETS,520,42.905833,143.830833,60,True
OTAMA2,5856,37.559833,140.333667,477,True
OURI,544,38.457333,141.345333,40,True
RAUSU,524,43.940333,145.118000,10,True
ROKKAS,5803,41.007333,141.366333,54,True
ROKUGO,534,39.399167,140.630333,200,True
SETANA,5801,42.422500,139.876667,20,True
SHAKOT,510,43.354833,140.472000,10,True
SHIMAM,511,42.645500,140.041333,72,True
SHIPPU,5800,43.275333,141.417500,60,True
SHIRAT,542,38.224000,140.062167,300,True
SHIRIU,678,41.532167,140.414333,55,True
SHIUR2,668,41.060167,140.407667,60,True
SINHDK,5798,42.409833,142.466667,79,True
SIZUKU,5806,39.741500,140.952667,256,True
TANOHA,536,39.941500,141.860000,200,True
TENMAB,530,40.789500,141.064667,130,True
THIROO,5797,42.291333,143.298833,54,True
TOKOR2,5865,44.118500,144.085500,74,True
TOYOSA,684,43.367500,145.738833,16,True
TU.AO5,1173,38.252167,140.844333,-415,True
TU.DIT,1151,39.064000,141.422000,400,True
TU.EN3,1132,38.397833,141.597667,-265,True
TU.FD2,1128,40.011833,141.854833,-245,True
TU.FKU,1129,40.634333,139.911667,-320,True
TU.HD3,1130,41.366667,141.414667,-235,True
TU.HOJ,1103,39.342667,140.170667,140,True
TU.HSK,1135,40.414667,141.579500,355,True
TU.IW3,1131,39.555167,140.110833,-255,True
TU.KG2,1111,39.389167,141.561667,-119,True
TU.KN5,1149,38.276333,141.582667,-435,True
TU.KRS,1152,39.266167,141.150167,150,True
TU.KSN,1147,38.976500,141.530000,280,True
TU.KTA,1122,37.696667,140.892000,160,True
TU.KWT,1105,38.755833,140.756500,260,True
TU.MR3,1114,38.498000,140.422333,-40,True
TU.MY3,1115,39.593167,141.976667,-220,True
TU.NSK,1150,39.731167,140.542000,260,True
TU.SN3,1148,39.140167,141.763667,105,True
TU.SWU,1133,39.489000,140.789000,445,True
TU.TB2,1106,39.198000,139.553333,-440,True
TU.WYG,1127,38.742333,141.119667,-490,True
V.AKHC,4836,39.768000,140.806833,1205,True
V.AYBN,4833,39.945167,140.719500,638,True
V.ESKS,4831,41.790000,141.149833,-57,True
V.HKNS,4830,42.109167,140.681500,23,True
V.KRK2,4838,38.940833,140.818000,744,True
V.KUJG,4827,42.491667,141.128000,229,True
V.MEAK,4820,43.351667,144.044833,693,True
V.TANS,4826,42.671000,141.334333,398,True
V.TKU2,8087,39.825500,140.872667,629,True
V.UMG2,4834,39.832333,141.040833,521,True
V.USSW,4828,42.536667,140.871500,-47,True
YAKUM2,677,42.119667,140.366500,120,True
YATSUM,541,38.595833,139.710500,200,True
YKANEY,540,38.920667,140.355667,220,True
