CI.CCA,35.152520,-118.016490,710.00,626886820.397744
CI.CCC,35.524950,-117.364530,670.00,627368612.812223
CI.CGO,36.550400,-117.802950,2795.00,629864666.666667
CI.CLC,35.815740,-117.597510,775.00,627369000.000000
CI.CWC,36.439047,-118.080495,1569.50,629865000.000000
CI.DAW,36.271480,-117.592140,1477.40,314768000.000000
CI.DTP,35.267420,-117.845810,908.00,627368612.812223
CI.GSC,35.301770,-116.805740,1000.00,3509893333.333333
CI.HAR,35.011400,-117.299090,620.00,629865078.514985
CI.ISA,35.662780,-118.474030,873.00,4052303333.333333
CI.JRC2,35.982490,-117.808850,1469.00,786737381.118040
CI.LMR2,34.934390,-117.696290,964.00,627369000.000000
CI.LRL,35.479540,-117.682120,1340.00,629305000.000000
CI.MPM,36.057990,-117.489010,1839.00,627368612.812223
CI.SLA,35.890950,-117.283320,1174.00,619269333.333333
CI.SRT,35.692350,-117.750510,667.00,629865000.000000
CI.TEH,35.291300,-118.420790,846.00,624238000.000000
CI.TOW2,35.808560,-117.764880,685.00,626887000.000000
CI.WAS2,35.737700,-118.557430,1828.00,624238000.000000
CI.WBM,35.608390,-117.890490,892.00,314768000.000000
CI.WBP,35.878410,-118.074140,2494.59,314768280.218174
CI.WBS,35.536640,-118.140350,1927.00,632653000.000000
CI.WCS2,36.025210,-117.765260,1143.00,626887000.000000
CI.WHF,35.695130,-118.351830,859.00,629865000.000000
CI.WMF,36.117580,-117.854860,1537.40,627065666.666667
CI.WOR,35.695630,-118.242460,795.00,638515333.333333
CI.WRC2,35.947900,-117.650380,943.00,629865000.000000
GS.CA01,35.665120,-117.423680,570.40,468849000.000000
GS.CA02,35.829150,-117.355420,541.60,468849000.000000
GS.CA03,35.622040,-117.569110,762.20,468849000.000000
GS.CA04,35.478330,-117.560200,1005.40,468849000.000000
GS.CA05,35.589260,-117.286890,612.10,468849000.000000
GS.CA06,35.599620,-117.492680,796.40,468849000.000000
NN.GWY,36.185900,-116.669700,1557.50,315695000.000000
NN.QSM,35.965000,-116.869102,385.00,314020000.000000
PB.B916,36.192500,-117.668500,1859.90,781398000.000000
PB.B917,35.405300,-117.258800,1192.00,781398000.000000
PB.B918,35.935700,-117.601700,1042.60,781398000.000000
PB.B921,35.586500,-117.462200,694.50,781398000.000000
ZY.SV01,35.645500,-117.477600,602.00,471281000.000000
ZY.SV02,35.885500,-117.704800,688.00,271118000.000000
ZY.SV03,35.770500,-117.599700,671.00,471281000.000000
ZY.SV04,35.902300,-117.701800,707.00,471281000.000000
ZY.SV05,35.722400,-117.571900,664.00,471429000.000000
ZY.SV06,35.601200,-117.381100,597.90,471429000.000000
ZY.SV07,35.697600,-117.603200,664.00,274899000.000000
ZY.SV08,35.576100,-117.418700,604.00,471429000.000000
